[2020-07-30T14:15:09.191+0700][gc,heap] Heap region size: 1M
[2020-07-30T14:15:09.200+0700][gc     ] Using G1
[2020-07-30T14:15:09.200+0700][gc,heap,coops] Heap address: 0x00000000c0000000, size: 1024 MB, Compressed Oops mode: 32-bit
[2020-07-30T14:15:09.201+0700][gc,cds       ] Mark closed archive regions in map: [0x00000000fff00000, 0x00000000fff69ff8]
[2020-07-30T14:15:09.201+0700][gc,cds       ] Mark open archive regions in map: [0x00000000ffe00000, 0x00000000ffe46ff8]
[2020-07-30T14:15:10.465+0700][gc,start     ] GC(0) Pause Young (Normal) (G1 Evacuation Pause)
[2020-07-30T14:15:10.465+0700][gc,task      ] GC(0) Using 4 workers of 4 for evacuation
[2020-07-30T14:15:10.476+0700][gc,phases    ] GC(0)   Pre Evacuate Collection Set: 0,0ms
[2020-07-30T14:15:10.476+0700][gc,phases    ] GC(0)   Evacuate Collection Set: 10,6ms
[2020-07-30T14:15:10.476+0700][gc,phases    ] GC(0)   Post Evacuate Collection Set: 0,6ms
[2020-07-30T14:15:10.476+0700][gc,phases    ] GC(0)   Other: 0,4ms
[2020-07-30T14:15:10.476+0700][gc,heap      ] GC(0) Eden regions: 51->0(44)
[2020-07-30T14:15:10.476+0700][gc,heap      ] GC(0) Survivor regions: 0->7(7)
[2020-07-30T14:15:10.476+0700][gc,heap      ] GC(0) Old regions: 2->2
[2020-07-30T14:15:10.476+0700][gc,heap      ] GC(0) Humongous regions: 0->0
[2020-07-30T14:15:10.476+0700][gc,metaspace ] GC(0) Metaspace: 16085K->16085K(1062912K)
[2020-07-30T14:15:10.476+0700][gc           ] GC(0) Pause Young (Normal) (G1 Evacuation Pause) 51M->6M(1024M) 11,722ms
[2020-07-30T14:15:10.477+0700][gc,cpu       ] GC(0) User=0,04s Sys=0,00s Real=0,01s
[2020-07-30T14:15:10.809+0700][gc,start     ] GC(1) Pause Young (Concurrent Start) (Metadata GC Threshold)
[2020-07-30T14:15:10.809+0700][gc,task      ] GC(1) Using 4 workers of 4 for evacuation
[2020-07-30T14:15:10.825+0700][gc,phases    ] GC(1)   Pre Evacuate Collection Set: 0,1ms
[2020-07-30T14:15:10.825+0700][gc,phases    ] GC(1)   Evacuate Collection Set: 15,0ms
[2020-07-30T14:15:10.825+0700][gc,phases    ] GC(1)   Post Evacuate Collection Set: 0,7ms
[2020-07-30T14:15:10.825+0700][gc,phases    ] GC(1)   Other: 0,6ms
[2020-07-30T14:15:10.825+0700][gc,heap      ] GC(1) Eden regions: 19->0(49)
[2020-07-30T14:15:10.825+0700][gc,heap      ] GC(1) Survivor regions: 7->2(7)
[2020-07-30T14:15:10.825+0700][gc,heap      ] GC(1) Old regions: 2->9
[2020-07-30T14:15:10.825+0700][gc,heap      ] GC(1) Humongous regions: 129->129
[2020-07-30T14:15:10.825+0700][gc,metaspace ] GC(1) Metaspace: 20618K->20618K(1067008K)
[2020-07-30T14:15:10.825+0700][gc           ] GC(1) Pause Young (Concurrent Start) (Metadata GC Threshold) 154M->137M(1024M) 16,325ms
[2020-07-30T14:15:10.825+0700][gc,cpu       ] GC(1) User=0,04s Sys=0,00s Real=0,02s
[2020-07-30T14:15:10.825+0700][gc           ] GC(2) Concurrent Cycle
[2020-07-30T14:15:10.825+0700][gc,marking   ] GC(2) Concurrent Clear Claimed Marks
[2020-07-30T14:15:10.826+0700][gc,marking   ] GC(2) Concurrent Clear Claimed Marks 0,052ms
[2020-07-30T14:15:10.826+0700][gc,marking   ] GC(2) Concurrent Scan Root Regions
[2020-07-30T14:15:10.827+0700][gc,marking   ] GC(2) Concurrent Scan Root Regions 1,369ms
[2020-07-30T14:15:10.827+0700][gc,marking   ] GC(2) Concurrent Mark (1,640s)
[2020-07-30T14:15:10.827+0700][gc,marking   ] GC(2) Concurrent Mark From Roots
[2020-07-30T14:15:10.827+0700][gc,task      ] GC(2) Using 1 workers of 1 for marking
[2020-07-30T14:15:10.844+0700][gc,marking   ] GC(2) Concurrent Mark From Roots 17,370ms
[2020-07-30T14:15:10.844+0700][gc,marking   ] GC(2) Concurrent Preclean
[2020-07-30T14:15:10.844+0700][gc,marking   ] GC(2) Concurrent Preclean 0,130ms
[2020-07-30T14:15:10.845+0700][gc,marking   ] GC(2) Concurrent Mark (1,640s, 1,658s) 17,580ms
[2020-07-30T14:15:10.845+0700][gc,start     ] GC(2) Pause Remark
[2020-07-30T14:15:10.848+0700][gc,stringtable] GC(2) Cleaned string and symbol table, strings: 4946 processed, 0 removed, symbols: 51558 processed, 47 removed
[2020-07-30T14:15:10.848+0700][gc            ] GC(2) Pause Remark 139M->139M(1024M) 3,071ms
[2020-07-30T14:15:10.848+0700][gc,cpu        ] GC(2) User=0,01s Sys=0,00s Real=0,00s
[2020-07-30T14:15:10.848+0700][gc,marking    ] GC(2) Concurrent Rebuild Remembered Sets
[2020-07-30T14:15:10.855+0700][gc,marking    ] GC(2) Concurrent Rebuild Remembered Sets 7,071ms
[2020-07-30T14:15:10.855+0700][gc,start      ] GC(2) Pause Cleanup
[2020-07-30T14:15:10.855+0700][gc            ] GC(2) Pause Cleanup 139M->139M(1024M) 0,333ms
[2020-07-30T14:15:10.855+0700][gc,cpu        ] GC(2) User=0,00s Sys=0,00s Real=0,00s
[2020-07-30T14:15:10.855+0700][gc,marking    ] GC(2) Concurrent Cleanup for Next Mark
[2020-07-30T14:15:10.865+0700][gc,marking    ] GC(2) Concurrent Cleanup for Next Mark 9,217ms
[2020-07-30T14:15:10.865+0700][gc            ] GC(2) Concurrent Cycle 39,351ms
[2020-07-30T14:15:11.739+0700][gc,start      ] GC(3) Pause Young (Concurrent Start) (G1 Evacuation Pause)
[2020-07-30T14:15:11.739+0700][gc,task       ] GC(3) Using 4 workers of 4 for evacuation
[2020-07-30T14:15:11.748+0700][gc,phases     ] GC(3)   Pre Evacuate Collection Set: 0,1ms
[2020-07-30T14:15:11.748+0700][gc,phases     ] GC(3)   Evacuate Collection Set: 8,0ms
[2020-07-30T14:15:11.748+0700][gc,phases     ] GC(3)   Post Evacuate Collection Set: 0,4ms
[2020-07-30T14:15:11.748+0700][gc,phases     ] GC(3)   Other: 0,2ms
[2020-07-30T14:15:11.748+0700][gc,heap       ] GC(3) Eden regions: 49->0(46)
[2020-07-30T14:15:11.748+0700][gc,heap       ] GC(3) Survivor regions: 2->5(7)
[2020-07-30T14:15:11.748+0700][gc,heap       ] GC(3) Old regions: 9->9
[2020-07-30T14:15:11.748+0700][gc,heap       ] GC(3) Humongous regions: 129->129
[2020-07-30T14:15:11.748+0700][gc,metaspace  ] GC(3) Metaspace: 30027K->30027K(1077248K)
[2020-07-30T14:15:11.748+0700][gc            ] GC(3) Pause Young (Concurrent Start) (G1 Evacuation Pause) 186M->140M(1024M) 8,799ms
[2020-07-30T14:15:11.748+0700][gc,cpu        ] GC(3) User=0,03s Sys=0,00s Real=0,00s
[2020-07-30T14:15:11.748+0700][gc            ] GC(4) Concurrent Cycle
[2020-07-30T14:15:11.748+0700][gc,marking    ] GC(4) Concurrent Clear Claimed Marks
[2020-07-30T14:15:11.748+0700][gc,marking    ] GC(4) Concurrent Clear Claimed Marks 0,076ms
[2020-07-30T14:15:11.748+0700][gc,marking    ] GC(4) Concurrent Scan Root Regions
[2020-07-30T14:15:11.754+0700][gc,marking    ] GC(4) Concurrent Scan Root Regions 5,327ms
[2020-07-30T14:15:11.754+0700][gc,marking    ] GC(4) Concurrent Mark (2,567s)
[2020-07-30T14:15:11.754+0700][gc,marking    ] GC(4) Concurrent Mark From Roots
[2020-07-30T14:15:11.754+0700][gc,task       ] GC(4) Using 1 workers of 1 for marking
[2020-07-30T14:15:11.779+0700][gc,marking    ] GC(4) Concurrent Mark From Roots 25,194ms
[2020-07-30T14:15:11.779+0700][gc,marking    ] GC(4) Concurrent Preclean
[2020-07-30T14:15:11.779+0700][gc,marking    ] GC(4) Concurrent Preclean 0,131ms
[2020-07-30T14:15:11.779+0700][gc,marking    ] GC(4) Concurrent Mark (2,567s, 2,592s) 25,413ms
[2020-07-30T14:15:11.781+0700][gc,start      ] GC(4) Pause Remark
[2020-07-30T14:15:11.785+0700][gc,stringtable] GC(4) Cleaned string and symbol table, strings: 9788 processed, 9 removed, symbols: 73473 processed, 22 removed
[2020-07-30T14:15:11.785+0700][gc            ] GC(4) Pause Remark 142M->142M(1024M) 4,612ms
[2020-07-30T14:15:11.785+0700][gc,cpu        ] GC(4) User=0,01s Sys=0,00s Real=0,00s
[2020-07-30T14:15:11.785+0700][gc,marking    ] GC(4) Concurrent Rebuild Remembered Sets
[2020-07-30T14:15:11.800+0700][gc,marking    ] GC(4) Concurrent Rebuild Remembered Sets 14,302ms
[2020-07-30T14:15:11.801+0700][gc,start      ] GC(4) Pause Cleanup
[2020-07-30T14:15:11.802+0700][gc            ] GC(4) Pause Cleanup 142M->142M(1024M) 0,373ms
[2020-07-30T14:15:11.802+0700][gc,cpu        ] GC(4) User=0,00s Sys=0,00s Real=0,00s
[2020-07-30T14:15:11.802+0700][gc,marking    ] GC(4) Concurrent Cleanup for Next Mark
[2020-07-30T14:15:11.812+0700][gc,marking    ] GC(4) Concurrent Cleanup for Next Mark 10,122ms
[2020-07-30T14:15:11.812+0700][gc            ] GC(4) Concurrent Cycle 63,950ms
[2020-07-30T14:20:40.749+0700][gc,start      ] GC(5) Pause Young (Normal) (G1 Evacuation Pause)
[2020-07-30T14:20:40.749+0700][gc,task       ] GC(5) Using 4 workers of 4 for evacuation
[2020-07-30T14:20:40.759+0700][gc,phases     ] GC(5)   Pre Evacuate Collection Set: 0,0ms
[2020-07-30T14:20:40.759+0700][gc,phases     ] GC(5)   Evacuate Collection Set: 7,9ms
[2020-07-30T14:20:40.759+0700][gc,phases     ] GC(5)   Post Evacuate Collection Set: 1,6ms
[2020-07-30T14:20:40.759+0700][gc,phases     ] GC(5)   Other: 0,2ms
[2020-07-30T14:20:40.759+0700][gc,heap       ] GC(5) Eden regions: 46->0(49)
[2020-07-30T14:20:40.759+0700][gc,heap       ] GC(5) Survivor regions: 5->2(7)
[2020-07-30T14:20:40.759+0700][gc,heap       ] GC(5) Old regions: 9->13
[2020-07-30T14:20:40.759+0700][gc,heap       ] GC(5) Humongous regions: 129->129
[2020-07-30T14:20:40.759+0700][gc,metaspace  ] GC(5) Metaspace: 34841K->34841K(1081344K)
[2020-07-30T14:20:40.759+0700][gc            ] GC(5) Pause Young (Normal) (G1 Evacuation Pause) 186M->142M(1024M) 9,777ms
[2020-07-30T14:20:40.759+0700][gc,cpu        ] GC(5) User=0,03s Sys=0,00s Real=0,02s
[2020-07-30T14:43:39.324+0700][gc,start      ] GC(6) Pause Young (Normal) (G1 Evacuation Pause)
[2020-07-30T14:43:39.324+0700][gc,task       ] GC(6) Using 4 workers of 4 for evacuation
[2020-07-30T14:43:39.332+0700][gc,phases     ] GC(6)   Pre Evacuate Collection Set: 0,1ms
[2020-07-30T14:43:39.332+0700][gc,phases     ] GC(6)   Evacuate Collection Set: 6,9ms
[2020-07-30T14:43:39.332+0700][gc,phases     ] GC(6)   Post Evacuate Collection Set: 0,5ms
[2020-07-30T14:43:39.332+0700][gc,phases     ] GC(6)   Other: 0,4ms
[2020-07-30T14:43:39.332+0700][gc,heap       ] GC(6) Eden regions: 49->0(49)
[2020-07-30T14:43:39.332+0700][gc,heap       ] GC(6) Survivor regions: 2->2(7)
[2020-07-30T14:43:39.332+0700][gc,heap       ] GC(6) Old regions: 13->13
[2020-07-30T14:43:39.332+0700][gc,heap       ] GC(6) Humongous regions: 129->129
[2020-07-30T14:43:39.332+0700][gc,metaspace  ] GC(6) Metaspace: 35093K->35093K(1081344K)
[2020-07-30T14:43:39.332+0700][gc            ] GC(6) Pause Young (Normal) (G1 Evacuation Pause) 191M->142M(1024M) 7,953ms
[2020-07-30T14:43:39.332+0700][gc,cpu        ] GC(6) User=0,03s Sys=0,00s Real=0,01s
[2020-07-30T15:08:03.048+0700][gc,start      ] GC(7) Pause Young (Normal) (G1 Evacuation Pause)
[2020-07-30T15:08:03.048+0700][gc,task       ] GC(7) Using 4 workers of 4 for evacuation
[2020-07-30T15:08:03.058+0700][gc,phases     ] GC(7)   Pre Evacuate Collection Set: 0,1ms
[2020-07-30T15:08:03.058+0700][gc,phases     ] GC(7)   Evacuate Collection Set: 9,5ms
[2020-07-30T15:08:03.058+0700][gc,phases     ] GC(7)   Post Evacuate Collection Set: 0,5ms
[2020-07-30T15:08:03.058+0700][gc,phases     ] GC(7)   Other: 0,4ms
[2020-07-30T15:08:03.058+0700][gc,heap       ] GC(7) Eden regions: 49->0(49)
[2020-07-30T15:08:03.058+0700][gc,heap       ] GC(7) Survivor regions: 2->2(7)
[2020-07-30T15:08:03.058+0700][gc,heap       ] GC(7) Old regions: 13->13
[2020-07-30T15:08:03.058+0700][gc,heap       ] GC(7) Humongous regions: 129->129
[2020-07-30T15:08:03.058+0700][gc,metaspace  ] GC(7) Metaspace: 35188K->35188K(1081344K)
[2020-07-30T15:08:03.058+0700][gc            ] GC(7) Pause Young (Normal) (G1 Evacuation Pause) 191M->142M(1024M) 10,518ms
[2020-07-30T15:08:03.058+0700][gc,cpu        ] GC(7) User=0,03s Sys=0,00s Real=0,02s
[2020-07-30T16:56:24.848+0700][gc,start      ] GC(8) Pause Young (Normal) (G1 Evacuation Pause)
[2020-07-30T16:56:24.848+0700][gc,task       ] GC(8) Using 4 workers of 4 for evacuation
[2020-07-30T16:56:24.858+0700][gc,phases     ] GC(8)   Pre Evacuate Collection Set: 0,1ms
[2020-07-30T16:56:24.858+0700][gc,phases     ] GC(8)   Evacuate Collection Set: 8,5ms
[2020-07-30T16:56:24.858+0700][gc,phases     ] GC(8)   Post Evacuate Collection Set: 1,2ms
[2020-07-30T16:56:24.858+0700][gc,phases     ] GC(8)   Other: 0,4ms
[2020-07-30T16:56:24.858+0700][gc,heap       ] GC(8) Eden regions: 49->0(49)
[2020-07-30T16:56:24.858+0700][gc,heap       ] GC(8) Survivor regions: 2->2(7)
[2020-07-30T16:56:24.858+0700][gc,heap       ] GC(8) Old regions: 13->13
[2020-07-30T16:56:24.858+0700][gc,heap       ] GC(8) Humongous regions: 129->129
[2020-07-30T16:56:24.858+0700][gc,metaspace  ] GC(8) Metaspace: 35298K->35298K(1081344K)
[2020-07-30T16:56:24.858+0700][gc            ] GC(8) Pause Young (Normal) (G1 Evacuation Pause) 191M->142M(1024M) 10,242ms
[2020-07-30T16:56:24.858+0700][gc,cpu        ] GC(8) User=0,03s Sys=0,00s Real=0,00s
