[2020-07-30T14:13:38.641+0700][gc,heap] Heap region size: 1M
[2020-07-30T14:13:38.665+0700][gc     ] Using G1
[2020-07-30T14:13:38.665+0700][gc,heap,coops] Heap address: 0x00000000c0000000, size: 1024 MB, Compressed Oops mode: 32-bit
[2020-07-30T14:13:38.666+0700][gc,cds       ] Mark closed archive regions in map: [0x00000000fff00000, 0x00000000fff69ff8]
[2020-07-30T14:13:38.666+0700][gc,cds       ] Mark open archive regions in map: [0x00000000ffe00000, 0x00000000ffe46ff8]
[2020-07-30T14:13:58.605+0700][gc,heap,exit ] Heap
[2020-07-30T14:13:58.605+0700][gc,heap,exit ]  garbage-first heap   total 1048576K, used 46788K [0x00000000c0000000, 0x0000000100000000)
[2020-07-30T14:13:58.605+0700][gc,heap,exit ]   region size 1024K, 46 young (47104K), 0 survivors (0K)
[2020-07-30T14:13:58.605+0700][gc,heap,exit ]  Metaspace       used 14405K, capacity 14805K, committed 15104K, reserved 1062912K
[2020-07-30T14:13:58.605+0700][gc,heap,exit ]   class space    used 1998K, capacity 2190K, committed 2304K, reserved 1048576K
