[2020-07-29T17:04:39.190+0700][gc,heap] Heap region size: 1M
[2020-07-29T17:04:39.198+0700][gc     ] Using G1
[2020-07-29T17:04:39.198+0700][gc,heap,coops] Heap address: 0x00000000c0000000, size: 1024 MB, Compressed Oops mode: 32-bit
[2020-07-29T17:04:39.199+0700][gc,cds       ] Mark closed archive regions in map: [0x00000000fff00000, 0x00000000fff69ff8]
[2020-07-29T17:04:39.199+0700][gc,cds       ] Mark open archive regions in map: [0x00000000ffe00000, 0x00000000ffe46ff8]
[2020-07-29T17:04:40.511+0700][gc,start     ] GC(0) Pause Young (Normal) (G1 Evacuation Pause)
[2020-07-29T17:04:40.511+0700][gc,task      ] GC(0) Using 4 workers of 4 for evacuation
[2020-07-29T17:04:40.523+0700][gc,phases    ] GC(0)   Pre Evacuate Collection Set: 0,0ms
[2020-07-29T17:04:40.523+0700][gc,phases    ] GC(0)   Evacuate Collection Set: 10,7ms
[2020-07-29T17:04:40.523+0700][gc,phases    ] GC(0)   Post Evacuate Collection Set: 0,4ms
[2020-07-29T17:04:40.523+0700][gc,phases    ] GC(0)   Other: 0,5ms
[2020-07-29T17:04:40.523+0700][gc,heap      ] GC(0) Eden regions: 51->0(44)
[2020-07-29T17:04:40.523+0700][gc,heap      ] GC(0) Survivor regions: 0->7(7)
[2020-07-29T17:04:40.523+0700][gc,heap      ] GC(0) Old regions: 2->2
[2020-07-29T17:04:40.523+0700][gc,heap      ] GC(0) Humongous regions: 0->0
[2020-07-29T17:04:40.523+0700][gc,metaspace ] GC(0) Metaspace: 16061K->16061K(1062912K)
[2020-07-29T17:04:40.523+0700][gc           ] GC(0) Pause Young (Normal) (G1 Evacuation Pause) 51M->6M(1024M) 11,758ms
[2020-07-29T17:04:40.523+0700][gc,cpu       ] GC(0) User=0,03s Sys=0,01s Real=0,01s
[2020-07-29T17:04:40.927+0700][gc,start     ] GC(1) Pause Young (Concurrent Start) (Metadata GC Threshold)
[2020-07-29T17:04:40.927+0700][gc,task      ] GC(1) Using 4 workers of 4 for evacuation
[2020-07-29T17:04:40.937+0700][gc,phases    ] GC(1)   Pre Evacuate Collection Set: 0,1ms
[2020-07-29T17:04:40.937+0700][gc,phases    ] GC(1)   Evacuate Collection Set: 10,0ms
[2020-07-29T17:04:40.937+0700][gc,phases    ] GC(1)   Post Evacuate Collection Set: 0,4ms
[2020-07-29T17:04:40.937+0700][gc,phases    ] GC(1)   Other: 0,3ms
[2020-07-29T17:04:40.937+0700][gc,heap      ] GC(1) Eden regions: 19->0(49)
[2020-07-29T17:04:40.937+0700][gc,heap      ] GC(1) Survivor regions: 7->2(7)
[2020-07-29T17:04:40.937+0700][gc,heap      ] GC(1) Old regions: 2->9
[2020-07-29T17:04:40.937+0700][gc,heap      ] GC(1) Humongous regions: 129->129
[2020-07-29T17:04:40.937+0700][gc,metaspace ] GC(1) Metaspace: 20418K->20418K(1067008K)
[2020-07-29T17:04:40.937+0700][gc           ] GC(1) Pause Young (Concurrent Start) (Metadata GC Threshold) 154M->137M(1024M) 10,847ms
[2020-07-29T17:04:40.937+0700][gc,cpu       ] GC(1) User=0,03s Sys=0,00s Real=0,01s
[2020-07-29T17:04:40.937+0700][gc           ] GC(2) Concurrent Cycle
[2020-07-29T17:04:40.937+0700][gc,marking   ] GC(2) Concurrent Clear Claimed Marks
[2020-07-29T17:04:40.938+0700][gc,marking   ] GC(2) Concurrent Clear Claimed Marks 0,050ms
[2020-07-29T17:04:40.938+0700][gc,marking   ] GC(2) Concurrent Scan Root Regions
[2020-07-29T17:04:40.939+0700][gc,marking   ] GC(2) Concurrent Scan Root Regions 1,029ms
[2020-07-29T17:04:40.939+0700][gc,marking   ] GC(2) Concurrent Mark (1,752s)
[2020-07-29T17:04:40.939+0700][gc,marking   ] GC(2) Concurrent Mark From Roots
[2020-07-29T17:04:40.939+0700][gc,task      ] GC(2) Using 1 workers of 1 for marking
[2020-07-29T17:04:40.959+0700][gc,marking   ] GC(2) Concurrent Mark From Roots 20,058ms
[2020-07-29T17:04:40.959+0700][gc,marking   ] GC(2) Concurrent Preclean
[2020-07-29T17:04:40.959+0700][gc,marking   ] GC(2) Concurrent Preclean 0,128ms
[2020-07-29T17:04:40.959+0700][gc,marking   ] GC(2) Concurrent Mark (1,752s, 1,772s) 20,259ms
[2020-07-29T17:04:40.960+0700][gc,start     ] GC(2) Pause Remark
[2020-07-29T17:04:40.962+0700][gc,stringtable] GC(2) Cleaned string and symbol table, strings: 4977 processed, 0 removed, symbols: 50584 processed, 50 removed
[2020-07-29T17:04:40.962+0700][gc            ] GC(2) Pause Remark 139M->139M(1024M) 2,766ms
[2020-07-29T17:04:40.962+0700][gc,cpu        ] GC(2) User=0,01s Sys=0,00s Real=0,00s
[2020-07-29T17:04:40.962+0700][gc,marking    ] GC(2) Concurrent Rebuild Remembered Sets
[2020-07-29T17:04:40.969+0700][gc,marking    ] GC(2) Concurrent Rebuild Remembered Sets 6,903ms
[2020-07-29T17:04:40.969+0700][gc,start      ] GC(2) Pause Cleanup
[2020-07-29T17:04:40.970+0700][gc            ] GC(2) Pause Cleanup 139M->139M(1024M) 0,185ms
[2020-07-29T17:04:40.970+0700][gc,cpu        ] GC(2) User=0,00s Sys=0,00s Real=0,00s
[2020-07-29T17:04:40.970+0700][gc,marking    ] GC(2) Concurrent Cleanup for Next Mark
[2020-07-29T17:04:40.978+0700][gc,marking    ] GC(2) Concurrent Cleanup for Next Mark 8,311ms
[2020-07-29T17:04:40.978+0700][gc            ] GC(2) Concurrent Cycle 40,628ms
[2020-07-29T17:04:41.692+0700][gc,start      ] GC(3) Pause Young (Normal) (GCLocker Initiated GC)
[2020-07-29T17:04:41.692+0700][gc,task       ] GC(3) Using 4 workers of 4 for evacuation
[2020-07-29T17:04:41.699+0700][gc,phases     ] GC(3)   Pre Evacuate Collection Set: 0,0ms
[2020-07-29T17:04:41.699+0700][gc,phases     ] GC(3)   Evacuate Collection Set: 6,8ms
[2020-07-29T17:04:41.699+0700][gc,phases     ] GC(3)   Post Evacuate Collection Set: 0,4ms
[2020-07-29T17:04:41.699+0700][gc,phases     ] GC(3)   Other: 0,2ms
[2020-07-29T17:04:41.699+0700][gc,heap       ] GC(3) Eden regions: 50->0(46)
[2020-07-29T17:04:41.699+0700][gc,heap       ] GC(3) Survivor regions: 2->5(7)
[2020-07-29T17:04:41.699+0700][gc,heap       ] GC(3) Old regions: 9->9
[2020-07-29T17:04:41.699+0700][gc,heap       ] GC(3) Humongous regions: 129->129
[2020-07-29T17:04:41.699+0700][gc,metaspace  ] GC(3) Metaspace: 29955K->29955K(1077248K)
[2020-07-29T17:04:41.699+0700][gc            ] GC(3) Pause Young (Normal) (GCLocker Initiated GC) 186M->140M(1024M) 7,508ms
[2020-07-29T17:04:41.699+0700][gc,cpu        ] GC(3) User=0,02s Sys=0,00s Real=0,00s
[2020-07-29T17:36:07.004+0700][gc,start      ] GC(4) Pause Young (Normal) (G1 Evacuation Pause)
[2020-07-29T17:36:07.004+0700][gc,task       ] GC(4) Using 4 workers of 4 for evacuation
[2020-07-29T17:36:07.013+0700][gc,phases     ] GC(4)   Pre Evacuate Collection Set: 0,0ms
[2020-07-29T17:36:07.013+0700][gc,phases     ] GC(4)   Evacuate Collection Set: 8,3ms
[2020-07-29T17:36:07.013+0700][gc,phases     ] GC(4)   Post Evacuate Collection Set: 0,6ms
[2020-07-29T17:36:07.013+0700][gc,phases     ] GC(4)   Other: 0,2ms
[2020-07-29T17:36:07.013+0700][gc,heap       ] GC(4) Eden regions: 46->0(49)
[2020-07-29T17:36:07.013+0700][gc,heap       ] GC(4) Survivor regions: 5->2(7)
[2020-07-29T17:36:07.013+0700][gc,heap       ] GC(4) Old regions: 9->13
[2020-07-29T17:36:07.013+0700][gc,heap       ] GC(4) Humongous regions: 129->129
[2020-07-29T17:36:07.013+0700][gc,metaspace  ] GC(4) Metaspace: 34349K->34349K(1079296K)
[2020-07-29T17:36:07.013+0700][gc            ] GC(4) Pause Young (Normal) (G1 Evacuation Pause) 186M->141M(1024M) 9,258ms
[2020-07-29T17:36:07.013+0700][gc,cpu        ] GC(4) User=0,02s Sys=0,00s Real=0,01s
[2020-07-29T17:40:31.359+0700][gc,start      ] GC(5) Pause Young (Concurrent Start) (Metadata GC Threshold)
[2020-07-29T17:40:31.359+0700][gc,task       ] GC(5) Using 4 workers of 4 for evacuation
[2020-07-29T17:40:31.376+0700][gc,phases     ] GC(5)   Pre Evacuate Collection Set: 0,1ms
[2020-07-29T17:40:31.376+0700][gc,phases     ] GC(5)   Evacuate Collection Set: 15,3ms
[2020-07-29T17:40:31.376+0700][gc,phases     ] GC(5)   Post Evacuate Collection Set: 1,0ms
[2020-07-29T17:40:31.376+0700][gc,phases     ] GC(5)   Other: 0,3ms
[2020-07-29T17:40:31.376+0700][gc,heap       ] GC(5) Eden regions: 7->0(50)
[2020-07-29T17:40:31.376+0700][gc,heap       ] GC(5) Survivor regions: 2->1(7)
[2020-07-29T17:40:31.376+0700][gc,heap       ] GC(5) Old regions: 13->13
[2020-07-29T17:40:31.376+0700][gc,heap       ] GC(5) Humongous regions: 129->129
[2020-07-29T17:40:31.376+0700][gc,metaspace  ] GC(5) Metaspace: 34397K->34397K(1079296K)
[2020-07-29T17:40:31.376+0700][gc            ] GC(5) Pause Young (Concurrent Start) (Metadata GC Threshold) 147M->141M(1024M) 16,820ms
[2020-07-29T17:40:31.376+0700][gc,cpu        ] GC(5) User=0,02s Sys=0,00s Real=0,02s
[2020-07-29T17:40:31.376+0700][gc            ] GC(6) Concurrent Cycle
[2020-07-29T17:40:31.376+0700][gc,marking    ] GC(6) Concurrent Clear Claimed Marks
[2020-07-29T17:40:31.376+0700][gc,marking    ] GC(6) Concurrent Clear Claimed Marks 0,115ms
[2020-07-29T17:40:31.376+0700][gc,marking    ] GC(6) Concurrent Scan Root Regions
[2020-07-29T17:40:31.377+0700][gc,marking    ] GC(6) Concurrent Scan Root Regions 1,310ms
[2020-07-29T17:40:31.377+0700][gc,marking    ] GC(6) Concurrent Mark (2152,190s)
[2020-07-29T17:40:31.377+0700][gc,marking    ] GC(6) Concurrent Mark From Roots
[2020-07-29T17:40:31.377+0700][gc,task       ] GC(6) Using 1 workers of 1 for marking
[2020-07-29T17:40:31.396+0700][gc,marking    ] GC(6) Concurrent Mark From Roots 19,072ms
[2020-07-29T17:40:31.396+0700][gc,marking    ] GC(6) Concurrent Preclean
[2020-07-29T17:40:31.397+0700][gc,marking    ] GC(6) Concurrent Preclean 0,356ms
[2020-07-29T17:40:31.397+0700][gc,marking    ] GC(6) Concurrent Mark (2152,190s, 2152,210s) 19,519ms
[2020-07-29T17:40:31.397+0700][gc,start      ] GC(6) Pause Remark
[2020-07-29T17:40:31.403+0700][gc,stringtable] GC(6) Cleaned string and symbol table, strings: 10558 processed, 864 removed, symbols: 78406 processed, 28 removed
[2020-07-29T17:40:31.406+0700][gc            ] GC(6) Pause Remark 142M->142M(1024M) 9,077ms
[2020-07-29T17:40:31.406+0700][gc,cpu        ] GC(6) User=0,01s Sys=0,00s Real=0,01s
[2020-07-29T17:40:31.406+0700][gc,marking    ] GC(6) Concurrent Rebuild Remembered Sets
[2020-07-29T17:40:31.416+0700][gc,marking    ] GC(6) Concurrent Rebuild Remembered Sets 10,004ms
[2020-07-29T17:40:31.416+0700][gc,start      ] GC(6) Pause Cleanup
[2020-07-29T17:40:31.416+0700][gc            ] GC(6) Pause Cleanup 142M->142M(1024M) 0,171ms
[2020-07-29T17:40:31.417+0700][gc,cpu        ] GC(6) User=0,00s Sys=0,00s Real=0,00s
[2020-07-29T17:40:31.417+0700][gc,marking    ] GC(6) Concurrent Cleanup for Next Mark
[2020-07-29T17:40:31.428+0700][gc,marking    ] GC(6) Concurrent Cleanup for Next Mark 11,300ms
[2020-07-29T17:40:31.428+0700][gc            ] GC(6) Concurrent Cycle 52,131ms
