[2020-07-30T14:07:26.098+0700][gc,heap] Heap region size: 1M
[2020-07-30T14:07:26.106+0700][gc     ] Using G1
[2020-07-30T14:07:26.106+0700][gc,heap,coops] Heap address: 0x00000000c0000000, size: 1024 MB, Compressed Oops mode: 32-bit
[2020-07-30T14:07:26.106+0700][gc,cds       ] Mark closed archive regions in map: [0x00000000fff00000, 0x00000000fff69ff8]
[2020-07-30T14:07:26.106+0700][gc,cds       ] Mark open archive regions in map: [0x00000000ffe00000, 0x00000000ffe46ff8]
[2020-07-30T14:07:27.312+0700][gc,start     ] GC(0) Pause Young (Normal) (G1 Evacuation Pause)
[2020-07-30T14:07:27.313+0700][gc,task      ] GC(0) Using 4 workers of 4 for evacuation
[2020-07-30T14:07:27.323+0700][gc,phases    ] GC(0)   Pre Evacuate Collection Set: 0,0ms
[2020-07-30T14:07:27.323+0700][gc,phases    ] GC(0)   Evacuate Collection Set: 10,0ms
[2020-07-30T14:07:27.323+0700][gc,phases    ] GC(0)   Post Evacuate Collection Set: 0,5ms
[2020-07-30T14:07:27.323+0700][gc,phases    ] GC(0)   Other: 0,4ms
[2020-07-30T14:07:27.323+0700][gc,heap      ] GC(0) Eden regions: 51->0(44)
[2020-07-30T14:07:27.323+0700][gc,heap      ] GC(0) Survivor regions: 0->7(7)
[2020-07-30T14:07:27.323+0700][gc,heap      ] GC(0) Old regions: 2->2
[2020-07-30T14:07:27.323+0700][gc,heap      ] GC(0) Humongous regions: 0->0
[2020-07-30T14:07:27.323+0700][gc,metaspace ] GC(0) Metaspace: 16062K->16062K(1062912K)
[2020-07-30T14:07:27.323+0700][gc           ] GC(0) Pause Young (Normal) (G1 Evacuation Pause) 51M->6M(1024M) 11,020ms
[2020-07-30T14:07:27.323+0700][gc,cpu       ] GC(0) User=0,03s Sys=0,01s Real=0,01s
[2020-07-30T14:07:29.531+0700][gc,heap,exit ] Heap
[2020-07-30T14:07:29.531+0700][gc,heap,exit ]  garbage-first heap   total 1048576K, used 23428K [0x00000000c0000000, 0x0000000100000000)
[2020-07-30T14:07:29.531+0700][gc,heap,exit ]   region size 1024K, 24 young (24576K), 7 survivors (7168K)
[2020-07-30T14:07:29.531+0700][gc,heap,exit ]  Metaspace       used 20061K, capacity 20654K, committed 20992K, reserved 1067008K
[2020-07-30T14:07:29.531+0700][gc,heap,exit ]   class space    used 2721K, capacity 2946K, committed 3072K, reserved 1048576K
