[2020-07-30T13:46:23.965+0700][gc,heap] Heap region size: 1M
[2020-07-30T13:46:23.974+0700][gc     ] Using G1
[2020-07-30T13:46:23.974+0700][gc,heap,coops] Heap address: 0x00000000c0000000, size: 1024 MB, Compressed Oops mode: 32-bit
[2020-07-30T13:46:23.974+0700][gc,cds       ] Mark closed archive regions in map: [0x00000000fff00000, 0x00000000fff69ff8]
[2020-07-30T13:46:23.974+0700][gc,cds       ] Mark open archive regions in map: [0x00000000ffe00000, 0x00000000ffe46ff8]
[2020-07-30T13:46:25.344+0700][gc,start     ] GC(0) Pause Young (Normal) (G1 Evacuation Pause)
[2020-07-30T13:46:25.345+0700][gc,task      ] GC(0) Using 4 workers of 4 for evacuation
[2020-07-30T13:46:25.356+0700][gc,phases    ] GC(0)   Pre Evacuate Collection Set: 0,0ms
[2020-07-30T13:46:25.356+0700][gc,phases    ] GC(0)   Evacuate Collection Set: 10,4ms
[2020-07-30T13:46:25.356+0700][gc,phases    ] GC(0)   Post Evacuate Collection Set: 0,4ms
[2020-07-30T13:46:25.356+0700][gc,phases    ] GC(0)   Other: 0,5ms
[2020-07-30T13:46:25.356+0700][gc,heap      ] GC(0) Eden regions: 51->0(44)
[2020-07-30T13:46:25.356+0700][gc,heap      ] GC(0) Survivor regions: 0->7(7)
[2020-07-30T13:46:25.356+0700][gc,heap      ] GC(0) Old regions: 2->2
[2020-07-30T13:46:25.356+0700][gc,heap      ] GC(0) Humongous regions: 0->0
[2020-07-30T13:46:25.356+0700][gc,metaspace ] GC(0) Metaspace: 16044K->16044K(1062912K)
[2020-07-30T13:46:25.356+0700][gc           ] GC(0) Pause Young (Normal) (G1 Evacuation Pause) 51M->6M(1024M) 11,454ms
[2020-07-30T13:46:25.356+0700][gc,cpu       ] GC(0) User=0,03s Sys=0,00s Real=0,01s
[2020-07-30T13:46:25.734+0700][gc,start     ] GC(1) Pause Young (Concurrent Start) (Metadata GC Threshold)
[2020-07-30T13:46:25.734+0700][gc,task      ] GC(1) Using 4 workers of 4 for evacuation
[2020-07-30T13:46:25.745+0700][gc,phases    ] GC(1)   Pre Evacuate Collection Set: 0,1ms
[2020-07-30T13:46:25.745+0700][gc,phases    ] GC(1)   Evacuate Collection Set: 10,6ms
[2020-07-30T13:46:25.745+0700][gc,phases    ] GC(1)   Post Evacuate Collection Set: 0,4ms
[2020-07-30T13:46:25.745+0700][gc,phases    ] GC(1)   Other: 0,3ms
[2020-07-30T13:46:25.745+0700][gc,heap      ] GC(1) Eden regions: 19->0(49)
[2020-07-30T13:46:25.745+0700][gc,heap      ] GC(1) Survivor regions: 7->2(7)
[2020-07-30T13:46:25.745+0700][gc,heap      ] GC(1) Old regions: 2->9
[2020-07-30T13:46:25.745+0700][gc,heap      ] GC(1) Humongous regions: 129->129
[2020-07-30T13:46:25.745+0700][gc,metaspace ] GC(1) Metaspace: 20426K->20426K(1067008K)
[2020-07-30T13:46:25.745+0700][gc           ] GC(1) Pause Young (Concurrent Start) (Metadata GC Threshold) 154M->137M(1024M) 11,372ms
[2020-07-30T13:46:25.745+0700][gc,cpu       ] GC(1) User=0,03s Sys=0,00s Real=0,01s
[2020-07-30T13:46:25.745+0700][gc           ] GC(2) Concurrent Cycle
[2020-07-30T13:46:25.745+0700][gc,marking   ] GC(2) Concurrent Clear Claimed Marks
[2020-07-30T13:46:25.745+0700][gc,marking   ] GC(2) Concurrent Clear Claimed Marks 0,044ms
[2020-07-30T13:46:25.745+0700][gc,marking   ] GC(2) Concurrent Scan Root Regions
[2020-07-30T13:46:25.746+0700][gc,marking   ] GC(2) Concurrent Scan Root Regions 1,112ms
[2020-07-30T13:46:25.746+0700][gc,marking   ] GC(2) Concurrent Mark (1,784s)
[2020-07-30T13:46:25.746+0700][gc,marking   ] GC(2) Concurrent Mark From Roots
[2020-07-30T13:46:25.746+0700][gc,task      ] GC(2) Using 1 workers of 1 for marking
[2020-07-30T13:46:25.764+0700][gc,marking   ] GC(2) Concurrent Mark From Roots 17,317ms
[2020-07-30T13:46:25.764+0700][gc,marking   ] GC(2) Concurrent Preclean
[2020-07-30T13:46:25.764+0700][gc,marking   ] GC(2) Concurrent Preclean 0,128ms
[2020-07-30T13:46:25.764+0700][gc,marking   ] GC(2) Concurrent Mark (1,784s, 1,802s) 17,521ms
[2020-07-30T13:46:25.764+0700][gc,start     ] GC(2) Pause Remark
[2020-07-30T13:46:25.766+0700][gc,stringtable] GC(2) Cleaned string and symbol table, strings: 4945 processed, 0 removed, symbols: 50153 processed, 50 removed
[2020-07-30T13:46:25.766+0700][gc            ] GC(2) Pause Remark 138M->138M(1024M) 2,486ms
[2020-07-30T13:46:25.767+0700][gc,cpu        ] GC(2) User=0,01s Sys=0,00s Real=0,00s
[2020-07-30T13:46:25.767+0700][gc,marking    ] GC(2) Concurrent Rebuild Remembered Sets
[2020-07-30T13:46:25.773+0700][gc,marking    ] GC(2) Concurrent Rebuild Remembered Sets 6,060ms
[2020-07-30T13:46:25.773+0700][gc,start      ] GC(2) Pause Cleanup
[2020-07-30T13:46:25.773+0700][gc            ] GC(2) Pause Cleanup 138M->138M(1024M) 0,192ms
[2020-07-30T13:46:25.773+0700][gc,cpu        ] GC(2) User=0,00s Sys=0,00s Real=0,00s
[2020-07-30T13:46:25.773+0700][gc,marking    ] GC(2) Concurrent Cleanup for Next Mark
[2020-07-30T13:46:25.781+0700][gc,marking    ] GC(2) Concurrent Cleanup for Next Mark 8,161ms
[2020-07-30T13:46:25.781+0700][gc            ] GC(2) Concurrent Cycle 36,135ms
[2020-07-30T13:46:26.662+0700][gc,start      ] GC(3) Pause Young (Normal) (G1 Evacuation Pause)
[2020-07-30T13:46:26.662+0700][gc,task       ] GC(3) Using 4 workers of 4 for evacuation
[2020-07-30T13:46:26.670+0700][gc,phases     ] GC(3)   Pre Evacuate Collection Set: 0,0ms
[2020-07-30T13:46:26.670+0700][gc,phases     ] GC(3)   Evacuate Collection Set: 6,6ms
[2020-07-30T13:46:26.670+0700][gc,phases     ] GC(3)   Post Evacuate Collection Set: 1,0ms
[2020-07-30T13:46:26.670+0700][gc,phases     ] GC(3)   Other: 0,2ms
[2020-07-30T13:46:26.670+0700][gc,heap       ] GC(3) Eden regions: 49->0(46)
[2020-07-30T13:46:26.670+0700][gc,heap       ] GC(3) Survivor regions: 2->5(7)
[2020-07-30T13:46:26.670+0700][gc,heap       ] GC(3) Old regions: 9->9
[2020-07-30T13:46:26.670+0700][gc,heap       ] GC(3) Humongous regions: 129->129
[2020-07-30T13:46:26.670+0700][gc,metaspace  ] GC(3) Metaspace: 29931K->29931K(1077248K)
[2020-07-30T13:46:26.670+0700][gc            ] GC(3) Pause Young (Normal) (G1 Evacuation Pause) 186M->140M(1024M) 7,898ms
[2020-07-30T13:46:26.670+0700][gc,cpu        ] GC(3) User=0,03s Sys=0,00s Real=0,01s
[2020-07-30T13:46:58.242+0700][gc,start      ] GC(4) Pause Young (Concurrent Start) (Metadata GC Threshold)
[2020-07-30T13:46:58.242+0700][gc,task       ] GC(4) Using 4 workers of 4 for evacuation
[2020-07-30T13:46:58.251+0700][gc,phases     ] GC(4)   Pre Evacuate Collection Set: 0,1ms
[2020-07-30T13:46:58.251+0700][gc,phases     ] GC(4)   Evacuate Collection Set: 7,8ms
[2020-07-30T13:46:58.251+0700][gc,phases     ] GC(4)   Post Evacuate Collection Set: 0,5ms
[2020-07-30T13:46:58.251+0700][gc,phases     ] GC(4)   Other: 0,3ms
[2020-07-30T13:46:58.251+0700][gc,heap       ] GC(4) Eden regions: 22->0(49)
[2020-07-30T13:46:58.251+0700][gc,heap       ] GC(4) Survivor regions: 5->2(7)
[2020-07-30T13:46:58.251+0700][gc,heap       ] GC(4) Old regions: 9->14
[2020-07-30T13:46:58.251+0700][gc,heap       ] GC(4) Humongous regions: 129->129
[2020-07-30T13:46:58.251+0700][gc,metaspace  ] GC(4) Metaspace: 34495K->34495K(1079296K)
[2020-07-30T13:46:58.251+0700][gc            ] GC(4) Pause Young (Concurrent Start) (Metadata GC Threshold) 161M->141M(1024M) 8,777ms
[2020-07-30T13:46:58.251+0700][gc,cpu        ] GC(4) User=0,03s Sys=0,00s Real=0,01s
[2020-07-30T13:46:58.251+0700][gc            ] GC(5) Concurrent Cycle
[2020-07-30T13:46:58.251+0700][gc,marking    ] GC(5) Concurrent Clear Claimed Marks
[2020-07-30T13:46:58.251+0700][gc,marking    ] GC(5) Concurrent Clear Claimed Marks 0,112ms
[2020-07-30T13:46:58.251+0700][gc,marking    ] GC(5) Concurrent Scan Root Regions
[2020-07-30T13:46:58.253+0700][gc,marking    ] GC(5) Concurrent Scan Root Regions 1,420ms
[2020-07-30T13:46:58.253+0700][gc,marking    ] GC(5) Concurrent Mark (34,291s)
[2020-07-30T13:46:58.253+0700][gc,marking    ] GC(5) Concurrent Mark From Roots
[2020-07-30T13:46:58.253+0700][gc,task       ] GC(5) Using 1 workers of 1 for marking
[2020-07-30T13:46:58.281+0700][gc,marking    ] GC(5) Concurrent Mark From Roots 28,741ms
[2020-07-30T13:46:58.282+0700][gc,marking    ] GC(5) Concurrent Preclean
[2020-07-30T13:46:58.282+0700][gc,marking    ] GC(5) Concurrent Preclean 0,186ms
[2020-07-30T13:46:58.282+0700][gc,marking    ] GC(5) Concurrent Mark (34,291s, 34,320s) 29,021ms
[2020-07-30T13:46:58.283+0700][gc,start      ] GC(5) Pause Remark
[2020-07-30T13:46:58.287+0700][gc,stringtable] GC(5) Cleaned string and symbol table, strings: 10377 processed, 11 removed, symbols: 79405 processed, 29 removed
[2020-07-30T13:46:58.288+0700][gc            ] GC(5) Pause Remark 143M->143M(1024M) 5,090ms
[2020-07-30T13:46:58.288+0700][gc,cpu        ] GC(5) User=0,02s Sys=0,00s Real=0,00s
[2020-07-30T13:46:58.288+0700][gc,marking    ] GC(5) Concurrent Rebuild Remembered Sets
[2020-07-30T13:46:58.302+0700][gc,marking    ] GC(5) Concurrent Rebuild Remembered Sets 14,523ms
[2020-07-30T13:46:58.303+0700][gc,start      ] GC(5) Pause Cleanup
[2020-07-30T13:46:58.303+0700][gc            ] GC(5) Pause Cleanup 143M->143M(1024M) 0,153ms
[2020-07-30T13:46:58.303+0700][gc,cpu        ] GC(5) User=0,00s Sys=0,00s Real=0,00s
[2020-07-30T13:46:58.303+0700][gc,marking    ] GC(5) Concurrent Cleanup for Next Mark
[2020-07-30T13:46:58.309+0700][gc,marking    ] GC(5) Concurrent Cleanup for Next Mark 6,518ms
[2020-07-30T13:46:58.309+0700][gc            ] GC(5) Concurrent Cycle 58,237ms
[2020-07-30T13:51:55.405+0700][gc,start      ] GC(6) Pause Young (Concurrent Start) (G1 Evacuation Pause)
[2020-07-30T13:51:55.405+0700][gc,task       ] GC(6) Using 4 workers of 4 for evacuation
[2020-07-30T13:51:55.414+0700][gc,phases     ] GC(6)   Pre Evacuate Collection Set: 0,5ms
[2020-07-30T13:51:55.414+0700][gc,phases     ] GC(6)   Evacuate Collection Set: 7,4ms
[2020-07-30T13:51:55.414+0700][gc,phases     ] GC(6)   Post Evacuate Collection Set: 0,7ms
[2020-07-30T13:51:55.414+0700][gc,phases     ] GC(6)   Other: 0,8ms
[2020-07-30T13:51:55.414+0700][gc,heap       ] GC(6) Eden regions: 49->0(47)
[2020-07-30T13:51:55.414+0700][gc,heap       ] GC(6) Survivor regions: 2->4(7)
[2020-07-30T13:51:55.414+0700][gc,heap       ] GC(6) Old regions: 14->14
[2020-07-30T13:51:55.414+0700][gc,heap       ] GC(6) Humongous regions: 129->129
[2020-07-30T13:51:55.414+0700][gc,metaspace  ] GC(6) Metaspace: 38130K->38130K(1083392K)
[2020-07-30T13:51:55.414+0700][gc            ] GC(6) Pause Young (Concurrent Start) (G1 Evacuation Pause) 190M->144M(1024M) 9,482ms
[2020-07-30T13:51:55.414+0700][gc,cpu        ] GC(6) User=0,02s Sys=0,00s Real=0,01s
[2020-07-30T13:51:55.414+0700][gc            ] GC(7) Concurrent Cycle
[2020-07-30T13:51:55.414+0700][gc,marking    ] GC(7) Concurrent Clear Claimed Marks
[2020-07-30T13:51:55.415+0700][gc,marking    ] GC(7) Concurrent Clear Claimed Marks 0,128ms
[2020-07-30T13:51:55.415+0700][gc,marking    ] GC(7) Concurrent Scan Root Regions
[2020-07-30T13:51:55.417+0700][gc,marking    ] GC(7) Concurrent Scan Root Regions 2,647ms
[2020-07-30T13:51:55.417+0700][gc,marking    ] GC(7) Concurrent Mark (331,455s)
[2020-07-30T13:51:55.417+0700][gc,marking    ] GC(7) Concurrent Mark From Roots
[2020-07-30T13:51:55.417+0700][gc,task       ] GC(7) Using 1 workers of 1 for marking
[2020-07-30T13:51:55.436+0700][gc,marking    ] GC(7) Concurrent Mark From Roots 18,294ms
[2020-07-30T13:51:55.436+0700][gc,marking    ] GC(7) Concurrent Preclean
[2020-07-30T13:51:55.436+0700][gc,marking    ] GC(7) Concurrent Preclean 0,133ms
[2020-07-30T13:51:55.436+0700][gc,marking    ] GC(7) Concurrent Mark (331,455s, 331,474s) 18,506ms
[2020-07-30T13:51:55.436+0700][gc,start      ] GC(7) Pause Remark
[2020-07-30T13:51:55.444+0700][gc,stringtable] GC(7) Cleaned string and symbol table, strings: 11563 processed, 2 removed, symbols: 80856 processed, 2 removed
[2020-07-30T13:51:55.444+0700][gc            ] GC(7) Pause Remark 144M->144M(1024M) 8,023ms
[2020-07-30T13:51:55.444+0700][gc,cpu        ] GC(7) User=0,03s Sys=0,00s Real=0,01s
[2020-07-30T13:51:55.444+0700][gc,marking    ] GC(7) Concurrent Rebuild Remembered Sets
[2020-07-30T13:51:55.454+0700][gc,marking    ] GC(7) Concurrent Rebuild Remembered Sets 9,958ms
[2020-07-30T13:51:55.454+0700][gc,start      ] GC(7) Pause Cleanup
[2020-07-30T13:51:55.455+0700][gc            ] GC(7) Pause Cleanup 144M->144M(1024M) 0,232ms
[2020-07-30T13:51:55.455+0700][gc,cpu        ] GC(7) User=0,00s Sys=0,00s Real=0,00s
[2020-07-30T13:51:55.455+0700][gc,marking    ] GC(7) Concurrent Cleanup for Next Mark
[2020-07-30T13:51:55.457+0700][gc,marking    ] GC(7) Concurrent Cleanup for Next Mark 2,193ms
[2020-07-30T13:51:55.457+0700][gc            ] GC(7) Concurrent Cycle 42,633ms
