[2020-07-30T13:46:13.300+0700][gc,heap] Heap region size: 1M
[2020-07-30T13:46:13.304+0700][gc     ] Using G1
[2020-07-30T13:46:13.304+0700][gc,heap,coops] Heap address: 0x00000000e0000000, size: 512 MB, Compressed Oops mode: 32-bit
[2020-07-30T13:46:13.305+0700][gc,cds       ] Mark closed archive regions in map: [0x00000000fff00000, 0x00000000fff69ff8]
[2020-07-30T13:46:13.305+0700][gc,cds       ] Mark open archive regions in map: [0x00000000ffe00000, 0x00000000ffe46ff8]
[2020-07-30T13:46:25.148+0700][gc,start     ] GC(0) Pause Young (Normal) (G1 Evacuation Pause)
[2020-07-30T13:46:25.150+0700][gc,task      ] GC(0) Using 4 workers of 4 for evacuation
[2020-07-30T13:46:25.162+0700][gc,phases    ] GC(0)   Pre Evacuate Collection Set: 0,0ms
[2020-07-30T13:46:25.163+0700][gc,phases    ] GC(0)   Evacuate Collection Set: 12,4ms
[2020-07-30T13:46:25.163+0700][gc,phases    ] GC(0)   Post Evacuate Collection Set: 0,4ms
[2020-07-30T13:46:25.163+0700][gc,phases    ] GC(0)   Other: 1,5ms
[2020-07-30T13:46:25.163+0700][gc,heap      ] GC(0) Eden regions: 25->0(21)
[2020-07-30T13:46:25.163+0700][gc,heap      ] GC(0) Survivor regions: 0->4(4)
[2020-07-30T13:46:25.163+0700][gc,heap      ] GC(0) Old regions: 2->4
[2020-07-30T13:46:25.163+0700][gc,heap      ] GC(0) Humongous regions: 0->0
[2020-07-30T13:46:25.163+0700][gc,metaspace ] GC(0) Metaspace: 7556K->7556K(1056768K)
[2020-07-30T13:46:25.163+0700][gc           ] GC(0) Pause Young (Normal) (G1 Evacuation Pause) 25M->5M(512M) 14,351ms
[2020-07-30T13:46:25.163+0700][gc,cpu       ] GC(0) User=0,04s Sys=0,01s Real=0,02s
[2020-07-30T14:09:56.993+0700][gc,heap,exit ] Heap
[2020-07-30T14:09:56.993+0700][gc,heap,exit ]  garbage-first heap   total 524288K, used 15146K [0x00000000e0000000, 0x0000000100000000)
[2020-07-30T14:09:56.993+0700][gc,heap,exit ]   region size 1024K, 14 young (14336K), 4 survivors (4096K)
[2020-07-30T14:09:56.993+0700][gc,heap,exit ]  Metaspace       used 8251K, capacity 8560K, committed 8704K, reserved 1056768K
[2020-07-30T14:09:56.993+0700][gc,heap,exit ]   class space    used 889K, capacity 1004K, committed 1024K, reserved 1048576K
